// Jest Snapshot v1, https://goo.gl/fbAQLP

exports[`<ProfileHeader should match component snapshot 1`] = `
<nav
  className="navbar navbar-toggleable-md navbar-light bg-faded"
>
  <button
    aria-controls="navbarTogglerDemo01"
    aria-expanded="false"
    aria-label="Toggle navigation"
    className="navbar-toggler"
    data-target="#navbarTogglerDemo01"
    data-toggle="collapse"
    type="button"
  >
    <span
      className="navbar-toggler-icon"
    />
  </button>
  <div
    className="collapse navbar-collapse"
    id="navbarTogglerDemo01"
  >
    <a
      className="navbar-brand invisible-button"
      href="#/dashboard/top-recipes"
      onClick={[Function]}
    >
      <h2>
        Profile Page
      </h2>
    </a>
    <ul
      className="navbar-nav mr-auto mt-2 mt-lg-0"
    >
      <li
        className="nav-item"
      >
        <button
          className="nav-link invisible-button disabled"
        />
      </li>
    </ul>
    <form
      className="form-inline my-2 my-lg-0"
    >
      <input
        className="form-control mr-sm-2"
        formNoValidate={true}
        name="keyword"
        onChange={[Function]}
        placeholder="Search"
        required={true}
        type="text"
        value=""
      />
      <button
        className="btn btn-outline-success my-2 my-sm-0"
        id="search-recipe"
        onClick={[Function]}
      >
        Search
      </button>
    </form>
  </div>
</nav>
`;
