// Jest Snapshot v1, https://goo.gl/fbAQLP

exports[`<PureEditProfile should match component snapshot 1`] = `
<div>
  <div
    className="banner-background"
  >
    <div
      className="profile-background"
    >
      <div
        className="container"
      >
        <nav
          className="navbar navbar-toggleable-md navbar-light bg-faded"
        >
          <button
            aria-controls="navbarTogglerDemo01"
            aria-expanded="false"
            aria-label="Toggle navigation"
            className="navbar-toggler"
            data-target="#navbarTogglerDemo01"
            data-toggle="collapse"
            type="button"
          >
            <span
              className="navbar-toggler-icon"
            />
          </button>
          <div
            className="collapse navbar-collapse"
            id="navbarTogglerDemo01"
          >
            <a
              className="navbar-brand invisible-button"
              href="#/dashboard/top-recipes"
              onClick={[Function]}
            >
              <h2>
                Profile Page
              </h2>
            </a>
            <ul
              className="navbar-nav mr-auto mt-2 mt-lg-0"
            >
              <li
                className="nav-item"
              >
                <button
                  className="nav-link invisible-button disabled"
                />
              </li>
            </ul>
            <form
              className="form-inline my-2 my-lg-0"
            >
              <input
                className="form-control mr-sm-2"
                formNoValidate={true}
                name="keyword"
                onChange={[Function]}
                placeholder="Search"
                required={true}
                type="text"
                value=""
              />
              <button
                className="btn btn-outline-success my-2 my-sm-0"
                onClick={[Function]}
              >
                Search
              </button>
            </form>
          </div>
        </nav>
        <br />
        <div
          className="row profile-landing"
        >
          <section
            className="col-md-3 profile-details"
          >
            <main>
              <div
                className="div-profile"
              >
                <h5>
                  @
                  linda
                </h5>
                <p>
                  <span>
                    <i
                      aria-hidden="true"
                      className="fa fa-circle"
                      style={
                        Object {
                          "color": "green",
                        }
                      }
                    />
                  </span>
                  Online
                </p>
                <br />
                <br />
                <button
                  className="invisible-button nav-editProfile"
                  onClick={[Function]}
                  style={
                    Object {
                      "color": "#0275d8",
                      "textAlign": "center",
                    }
                  }
                >
                  Edit Profile
                </button>
                <button
                  className="invisible-button nav-changePassword"
                  onClick={[Function]}
                  style={
                    Object {
                      "color": "#0275d8",
                      "textAlign": "center",
                    }
                  }
                >
                  Change Password
                </button>
              </div>
              <br />
              <div
                className="div-profile"
              >
                <h5>
                  Add Category
                </h5>
                <div
                  className="form-group profile-form"
                >
                  <input
                    className="form-control"
                    id="category-name"
                    name="categoryName"
                    onChange={[Function]}
                    placeholder="Enter Name"
                    type="text"
                    value=""
                  />
                </div>
                <div>
                  <button
                    className="btn btn-success"
                    onClick={[Function]}
                    type="button"
                  >
                    Add
                  </button>
                </div>
                <br />
                <div
                  className="profile-category-button"
                >
                  <button
                    className="btn btn-default btn-sm"
                    name="categoryModalName"
                    onClick={[Function]}
                    type="button"
                    value={1}
                  >
                    Local Dish
                  </button>
                </div>
              </div>
              <div />
            </main>
          </section>
          <section
            className="col-md-9 profile-tabs"
          >
            <div
              className="edit-profile-div-section"
            >
              <br />
              <h3>
                <b>
                  Edit Profile
                </b>
              </h3>
              <br />
              <div>
                <form
                  className="reg-form"
                >
                  <div
                    className="form-group"
                  >
                    <label
                      htmlFor="enterUsername"
                    >
                      Username:
                    </label>
                    <div
                      className="input-group"
                    >
                      <span
                        className="input-group-addon"
                      >
                        <i
                          className="fa fa-user"
                        />
                      </span>
                      <input
                        className="form-control"
                        name="username"
                        onChange={[Function]}
                        placeholder="e.g john112"
                        required={true}
                        type="text"
                        value="linda"
                      />
                    </div>
                  </div>
                  <div
                    className="form-group"
                  >
                    <label
                      htmlFor="enterFullName"
                    >
                      Full Name:
                    </label>
                    <div
                      className="input-group"
                    >
                      <span
                        className="input-group-addon"
                      >
                        <i
                          className="fa fa-user-o"
                        />
                      </span>
                      <input
                        className="form-control"
                        name="fullName"
                        onChange={[Function]}
                        placeholder="e.g John James"
                        required={true}
                        type="text"
                        value="Linda George"
                      />
                    </div>
                  </div>
                  <div
                    className="form-group"
                  >
                    <label
                      htmlFor="enterMobile"
                    >
                      Mobile:
                    </label>
                    <div
                      className="input-group"
                    >
                      <span
                        className="input-group-addon"
                      >
                        <i
                          className="fa fa-mobile"
                        />
                      </span>
                      <input
                        className="form-control"
                        name="mobileNumber"
                        onChange={[Function]}
                        placeholder="e.g 08034562838"
                        required={true}
                        type="number"
                        value="2348034526172"
                      />
                    </div>
                  </div>
                  <div
                    className="form-group"
                  >
                    <label
                      htmlFor="enterEmail"
                    >
                      Email address:
                    </label>
                    <div
                      className="input-group"
                    >
                      <span
                        className="input-group-addon"
                      >
                        <i
                          className="fa fa-envelope"
                        />
                      </span>
                      <input
                        className="form-control"
                        name="email"
                        onChange={[Function]}
                        placeholder="e.g john@yahoo.com"
                        required={true}
                        type="email"
                        value="linda@gmail.com"
                      />
                    </div>
                  </div>
                  <div
                    className="edit-profile-button"
                  >
                    <button
                      className="btn btn-success"
                      onClick={[Function]}
                    >
                      Update
                    </button>
                    <a
                      href="#dashboard/top-recipes"
                    >
                      <button
                        className="btn btn-danger"
                        type="button"
                      >
                        Cancel
                      </button>
                    </a>
                  </div>
                </form>
              </div>
              <br />
            </div>
          </section>
        </div>
      </div>
    </div>
  </div>
</div>
`;
