// Jest Snapshot v1, https://goo.gl/fbAQLP

exports[`<Login should match component snapshot 1`] = `
<div>
  <div
    className="login-background"
  >
    <div
      className="container"
    >
      <div
        className="row landing"
      >
        <section
          className="col-md-6 headline"
        >
          <h1>
            Welcome to More recipes
          </h1>
          <h4>
            Share your recipe ideas with the world
          </h4>
          <br />
          <br />
          <h2>
            Login and start sharing recipes
          </h2>
        </section>
        <section
          className="col-md-1"
        />
        <section
          className="col-md-5 account"
        >
          <div>
            <form
              className="login-form"
            >
              <h3
                className="login-form-boxx"
              >
                Login Form
              </h3>
              <br />
              <div
                className="form-group"
              >
                <label
                  htmlFor="enterEmail"
                >
                  Username:
                </label>
                <div
                  className="input-group"
                >
                  <span
                    className="input-group-addon"
                  >
                    <i
                      className="fa fa-user-secret"
                    />
                  </span>
                  <input
                    className="form-control"
                    id="username"
                    name="username"
                    onChange={[Function]}
                    placeholder="Enter your username"
                    required={true}
                    type="text"
                    value=""
                  />
                </div>
              </div>
              <div
                className="form-group"
              >
                <label
                  htmlFor="enterPassword"
                >
                  Password:
                </label>
                <div
                  className="input-group"
                >
                  <span
                    className="input-group-addon"
                  >
                    <i
                      className="fa fa-unlock-alt"
                    />
                  </span>
                  <input
                    className="form-control"
                    id="password"
                    name="password"
                    onChange={[Function]}
                    placeholder="Enter your password"
                    required={true}
                    type="password"
                    value=""
                  />
                </div>
              </div>
              <div
                className="row"
              >
                <div
                  className="checkbox-primary col-md-6"
                >
                  <label>
                    <input
                      id="login-checkbox"
                      type="checkbox"
                    />
                    <span>
                      Remember me
                    </span>
                  </label>
                </div>
                <div
                  className="text-right col-md-6"
                >
                  <button
                    className="invisible-button"
                    onClick={[Function]}
                    style={
                      Object {
                        "color": "#2F94D2",
                      }
                    }
                  >
                    <p
                      className="forgot-password"
                    >
                      Forgot your password?
                    </p>
                  </button>
                </div>
              </div>
              <div
                className="login-buttons"
              >
                <div>
                  <a
                    href="#dashboard"
                  >
                    <button
                      className="btn btn-block btn-success"
                      id="login"
                      onClick={[Function]}
                    >
                      Login
                    </button>
                  </a>
                </div>
                <br />
                <div>
                  <a
                    className="btn btn-block btn-success home"
                    href="#/signup"
                    onClick={[Function]}
                  >
                    Sign Up
                  </a>
                </div>
              </div>
            </form>
          </div>
        </section>
      </div>
    </div>
  </div>
</div>
`;
