// Jest Snapshot v1, https://goo.gl/fbAQLP

exports[`<Search should match component snapshot 1`] = `
<div
  className="loader loader-undefined loader-active"
  style={undefined}
>
  <div
    className="loader-inner ball-scale-ripple-multiple"
  >
    <div
      style={Object {}}
    />
    <div
      style={Object {}}
    />
    <div
      style={Object {}}
    />
  </div>
</div>
`;
