// Jest Snapshot v1, https://goo.gl/fbAQLP

exports[`<AddRecipe should match component snapshot 1`] = `
<div>
  <div
    className="add-padding"
  >
    <h3>
      <b>
         Add Recipe
      </b>
    </h3>
    <br />
    <div>
      <form
        id="add-recipe"
      >
        <div
          className="form-group"
        >
          <label
            htmlFor="recipe-name"
          >
            Recipe Name
          </label>
          <input
            aria-describedby="recipeHelp"
            className="form-control"
            name="recipeName"
            onChange={[Function]}
            placeholder="Enter Recipe Name"
            required={true}
            type="text"
            value=""
          />
        </div>
        <div
          className="form-group"
        >
          <label
            htmlFor="recipe-detail"
          >
            Recipe Detail
          </label>
          <input
            className="form-control"
            maxLength="250"
            name="recipeDetail"
            onChange={[Function]}
            placeholder="Enter Recipe Detail"
            required={true}
            type="text"
            value=""
          />
        </div>
        <div
          className="form-group"
        >
          <label
            htmlFor="ingredients"
          >
            Ingredients
          </label>
          <textarea
            className="form-control"
            name="ingredients"
            onChange={[Function]}
            required={true}
            rows="5"
            value=""
          />
        </div>
        <div
          className="form-group"
        >
          <label
            htmlFor="directions"
          >
            Directions
          </label>
          <textarea
            className="form-control"
            name="directions"
            onChange={[Function]}
            required={true}
            rows="10"
            value=""
          />
        </div>
        <div
          className="form-group"
        >
          <label
            htmlFor="recipe-image"
          >
            Add Image
          </label>
          <input
            aria-describedby="fileHelp"
            className="form-control-file"
            id="imageUrl"
            name="imageUrl"
            onChange={[Function]}
            type="file"
          />
          <small
            className="form-text text-muted"
            id="fileHelp"
          >
            Please attach an image file.
          </small>
        </div>
        <div
          className="edit-profile-button"
        >
          <button
            className="btn btn-success"
            id="click-add-recipe"
            onClick={[Function]}
          >
            Add Recipe
          </button>
        </div>
      </form>
    </div>
  </div>
</div>
`;
