// Jest Snapshot v1, https://goo.gl/fbAQLP

exports[`<ResetPassword should match component snapshot 1`] = `
<div>
  <div
    className="login-background"
  >
    <div
      className="container"
    >
      <div
        className="row landing"
      >
        <section
          className="col-md-6 headline"
        >
          <h1>
            Welcome to More recipes
          </h1>
          <h4>
            Share your recipe ideas with the world
          </h4>
          <br />
          <br />
          <h2>
            Please input your new password
          </h2>
        </section>
        <section
          className="col-md-1"
        />
        <section
          className="col-md-5 account"
        >
          <div>
            <form
              className="login-form"
            >
              <h3
                className="login-form-boxx"
              >
                Update Password
              </h3>
              <br />
              <div
                className="form-group"
              >
                <label
                  htmlFor="enterPassword"
                >
                  New Password:
                </label>
                <div
                  className="input-group"
                >
                  <span
                    className="input-group-addon"
                  >
                    <i
                      className="fa fa-unlock-alt"
                    />
                  </span>
                  <input
                    className="form-control"
                    name="newPassword"
                    onChange={[Function]}
                    placeholder="Enter new password"
                    required={true}
                    type="password"
                    value=""
                  />
                </div>
              </div>
              <div
                className="form-group"
              >
                <label
                  htmlFor="enterPassword"
                >
                  Confirm Password:
                </label>
                <div
                  className="input-group"
                >
                  <span
                    className="input-group-addon"
                  >
                    <i
                      className="fa fa-unlock-alt"
                    />
                  </span>
                  <input
                    className="form-control"
                    name="confirmPassword"
                    onChange={[Function]}
                    placeholder="Confirm password"
                    required={true}
                    type="password"
                    value=""
                  />
                </div>
              </div>
              <div
                className="login-buttons"
              >
                <div>
                  <a>
                    <button
                      className="btn btn-block btn-success"
                      onClick={[Function]}
                    >
                      Change Password
                    </button>
                  </a>
                </div>
                <br />
              </div>
            </form>
          </div>
        </section>
      </div>
    </div>
  </div>
</div>
`;
