// Jest Snapshot v1, https://goo.gl/fbAQLP

exports[`<Signup should match component snapshot 1`] = `
<div>
  <div
    className="login-background"
  >
    <div
      className="container"
    >
      <div
        className="row landing"
      >
        <section
          className="col-md-6 headline"
        >
          <h1>
            Welcome to More recipes
          </h1>
          <h4>
            Share your recipe ideas with the world
          </h4>
          <br />
          <br />
          <h2>
            Sign Up and start sharing recipes
          </h2>
        </section>
        <section
          className="col-md-1"
        />
        <section
          className="col-md-5 account"
        >
          <div>
            <form
              className="reg-form"
            >
              <h3
                className="login-form-boxx"
              >
                Registration Form
              </h3>
              <br />
              <div
                className="form-group"
              >
                <label
                  htmlFor="enterUsername"
                >
                  Username:
                </label>
                <div
                  className="input-group"
                >
                  <span
                    className="input-group-addon"
                  >
                    <i
                      className="fa fa-user-secret"
                    />
                  </span>
                  <input
                    className="form-control"
                    id="username"
                    name="username"
                    onChange={[Function]}
                    placeholder="e.g john112"
                    required={true}
                    type="text"
                    value=""
                  />
                </div>
              </div>
              <div
                className="form-group"
              >
                <label
                  htmlFor="enterFullName"
                >
                  Full Name:
                </label>
                <div
                  className="input-group"
                >
                  <span
                    className="input-group-addon"
                  >
                    <i
                      className="fa fa-user"
                    />
                  </span>
                  <input
                    className="form-control"
                    id="fullName"
                    name="fullName"
                    onChange={[Function]}
                    placeholder="e.g John James"
                    required={true}
                    type="text"
                    value=""
                  />
                </div>
              </div>
              <div
                className="form-group"
              >
                <label
                  htmlFor="enterMobile"
                >
                  Mobile:
                </label>
                <div
                  className="input-group"
                >
                  <span
                    className="input-group-addon"
                  >
                    <i
                      className="fa fa-mobile"
                    />
                  </span>
                  <input
                    className="form-control"
                    id="mobileNumber"
                    name="mobileNumber"
                    onChange={[Function]}
                    placeholder="e.g 08034562838"
                    required={true}
                    type="number"
                    value=""
                  />
                </div>
              </div>
              <div
                className="form-group"
              >
                <label
                  htmlFor="enterEmail"
                >
                  Email address:
                </label>
                <div
                  className="input-group"
                >
                  <span
                    className="input-group-addon"
                  >
                    <i
                      className="fa fa-envelope"
                    />
                  </span>
                  <input
                    className="form-control"
                    id="email"
                    name="email"
                    onChange={[Function]}
                    placeholder="e.g john@yahoo.com"
                    required={true}
                    type="email"
                    value=""
                  />
                </div>
              </div>
              <div
                className="form-group"
              >
                <label
                  htmlFor="enterPassword"
                >
                  Password:
                </label>
                <div
                  className="input-group"
                >
                  <span
                    className="input-group-addon"
                  >
                    <i
                      className="fa fa-unlock-alt"
                    />
                  </span>
                  <input
                    className="form-control"
                    id="password"
                    name="password"
                    onChange={[Function]}
                    placeholder=""
                    required={true}
                    type="password"
                    value=""
                  />
                </div>
              </div>
              <div
                className="row"
              >
                <div
                  className="col-md-6"
                >
                  <a
                    className="have-account"
                    href="#login"
                  >
                    Already have an account?
                  </a>
                </div>
              </div>
              <div
                className="login-buttons"
              >
                <div>
                  <a>
                    <button
                      className="btn btn-block btn-success"
                      id="signup"
                      onClick={[Function]}
                    >
                      Sign Up
                    </button>
                  </a>
                </div>
              </div>
            </form>
          </div>
        </section>
        <br />
      </div>
    </div>
  </div>
</div>
`;
